I'm sorry, but errors were detected in your script. Please correct the
errors listed below, and try again.


File "game/script.rpy", line 13: unexpected EOF while parsing
    ("Robert_Sad.png")0
                       ^

Ren'Py Version: Ren'Py 8.1.0.23051307
Fri Jul 14 14:57:50 2023
